============================= test session starts ==============================
platform linux -- Python 3.12.3, pytest-9.0.2, pluggy-1.6.0 -- /usr/bin/python
cachedir: .pytest_cache
rootdir: /home/runner/work/donkeycar/donkeycar/donkeycar/tests
configfile: pytest.ini
plugins: cov-7.0.0
collecting ... 
----------------------------- live log collection ------------------------------
WARNING  donkeycar.parts.actuator:actuator.py:21 RPi.GPIO was not imported. No module named 'RPi'
WARNING  donkeycar.parts.pins:pins.py:628 RPi.GPIO was not imported.
WARNING  donkeycar.parts.pins:pins.py:986 pigpio was not imported.
collected 192 items / 4 errors

==================================== ERRORS ====================================
___________________ ERROR collecting test_course_analysis.py ___________________
ImportError while importing test module '/home/runner/work/donkeycar/donkeycar/donkeycar/tests/test_course_analysis.py'.
Hint: make sure your test modules/packages have valid Python names.
Traceback:
/usr/lib/python3.12/importlib/__init__.py:90: in import_module
    return _bootstrap._gcd_import(name[level:], package, level)
           ^^^^^^^^^^^^^^^^^^^^^^^^^^^^^^^^^^^^^^^^^^^^^^^^^^^^
donkeycar/tests/test_course_analysis.py:17: in <module>
    from donkeycar.parts.course_analysis import (
donkeycar/parts/course_analysis.py:26: in <module>
    from scipy.signal import savgol_filter
E   ModuleNotFoundError: No module named 'scipy'
___________________ ERROR collecting test_imu_visualizer.py ____________________
ImportError while importing test module '/home/runner/work/donkeycar/donkeycar/donkeycar/tests/test_imu_visualizer.py'.
Hint: make sure your test modules/packages have valid Python names.
Traceback:
/usr/lib/python3.12/importlib/__init__.py:90: in import_module
    return _bootstrap._gcd_import(name[level:], package, level)
           ^^^^^^^^^^^^^^^^^^^^^^^^^^^^^^^^^^^^^^^^^^^^^^^^^^^^
donkeycar/tests/test_imu_visualizer.py:9: in <module>
    from donkeycar.utilities.imu_visualization import correct_loop_drift
donkeycar/utilities/imu_visualization.py:19: in <module>
    import matplotlib.pyplot as plt
E   ModuleNotFoundError: No module named 'matplotlib'
________________________ ERROR collecting test_keras.py ________________________
ImportError while importing test module '/home/runner/work/donkeycar/donkeycar/donkeycar/tests/test_keras.py'.
Hint: make sure your test modules/packages have valid Python names.
Traceback:
/usr/lib/python3.12/importlib/__init__.py:90: in import_module
    return _bootstrap._gcd_import(name[level:], package, level)
           ^^^^^^^^^^^^^^^^^^^^^^^^^^^^^^^^^^^^^^^^^^^^^^^^^^^^
donkeycar/tests/test_keras.py:7: in <module>
    from donkeycar.parts.interpreter import keras_to_tflite, \
donkeycar/parts/interpreter.py:8: in <module>
    import tensorflow as tf
E   ModuleNotFoundError: No module named 'tensorflow'
________________________ ERROR collecting test_train.py ________________________
ImportError while importing test module '/home/runner/work/donkeycar/donkeycar/donkeycar/tests/test_train.py'.
Hint: make sure your test modules/packages have valid Python names.
Traceback:
/usr/lib/python3.12/importlib/__init__.py:90: in import_module
    return _bootstrap._gcd_import(name[level:], package, level)
           ^^^^^^^^^^^^^^^^^^^^^^^^^^^^^^^^^^^^^^^^^^^^^^^^^^^^
donkeycar/tests/test_train.py:13: in <module>
    from donkeycar.pipeline.training import train, BatchSequence
donkeycar/pipeline/training.py:7: in <module>
    from tensorflow.python.keras.models import load_model
E   ModuleNotFoundError: No module named 'tensorflow'
=============================== warnings summary ===============================
../../../.local/lib/python3.12/site-packages/_pytest/config/__init__.py:1428
  /home/runner/.local/lib/python3.12/site-packages/_pytest/config/__init__.py:1428: PytestConfigWarning: Unknown config option: reruns
  
    self._warn_or_fail_if_strict(f"Unknown config option: {key}\n")

-- Docs: https://docs.pytest.org/en/stable/how-to/capture-warnings.html
=========================== short test summary info ============================
ERROR donkeycar/tests/test_course_analysis.py
ERROR donkeycar/tests/test_imu_visualizer.py
ERROR donkeycar/tests/test_keras.py
ERROR donkeycar/tests/test_train.py
!!!!!!!!!!!!!!!!!!! Interrupted: 4 errors during collection !!!!!!!!!!!!!!!!!!!!
========================= 1 warning, 4 errors in 1.16s =========================
